\! cp -r regress/age_load/data regress/instance/data/age_load
LOAD 'age';
SET search_path TO ag_catalog;
SET enable_mergejoin = ON;
SET enable_hashjoin = ON;
SET enable_nestloop = ON;
SELECT create_graph('cypher_index');
NOTICE:  graph "cypher_index" has been created
 create_graph 
--------------
 
(1 row)

/*
 * Section 1: Unique Index on Properties
 */
--Section 1 Setup
SELECT create_vlabel('cypher_index', 'idx');
NOTICE:  VLabel "idx" has been created
 create_vlabel 
---------------
 
(1 row)

CREATE UNIQUE INDEX cypher_index_idx_props_uq ON cypher_index.idx(properties);
--Test 1
SELECT * FROM cypher('cypher_index', $$ CREATE (:idx {i: 1}) $$) AS (a agtype);
 a 
---
(0 rows)

SELECT * FROM cypher('cypher_index', $$ CREATE (:idx {i: 1}) $$) AS (a agtype);
ERROR:  duplicate key value violates unique constraint "cypher_index_idx_props_uq"
DETAIL:  Key (properties)=({"i": 1}) already exists.
--Clean Up
SELECT * FROM cypher('cypher_index', $$ MATCH(n) DETACH DELETE n $$) AS (a agtype);
 a 
---
(0 rows)

--Test 2
SELECT * FROM cypher('cypher_index', $$ CREATE (:idx {i: 1}), (:idx {i: 1}) $$) AS (a agtype);
ERROR:  duplicate key value violates unique constraint "cypher_index_idx_props_uq"
DETAIL:  Key (properties)=({"i": 1}) already exists.
--Clean Up
SELECT * FROM cypher('cypher_index', $$ MATCH(n) DETACH DELETE n $$) AS (a agtype);
 a 
---
(0 rows)

--Test 3
--Data Setup
SELECT * FROM cypher('cypher_index', $$ CREATE (:idx {i: 1}) $$) AS (a agtype);
 a 
---
(0 rows)

SELECT * FROM cypher('cypher_index', $$ CREATE (:idx) $$) AS (a agtype);
 a 
---
(0 rows)

--Query
SELECT * FROM cypher('cypher_index', $$ MATCH(n) SET n.i = 1$$) AS (a agtype);
ERROR:  duplicate key value violates unique constraint "cypher_index_idx_props_uq"
DETAIL:  Key (properties)=({"i": 1}) already exists.
--Clean Up
SELECT * FROM cypher('cypher_index', $$ MATCH(n) DETACH DELETE n $$) AS (a agtype);
 a 
---
(0 rows)

--Test 4
--create a vertex with i = 1
SELECT * FROM cypher('cypher_index', $$ CREATE (:idx {i: 1}) $$) AS (a agtype);
 a 
---
(0 rows)

--delete the vertex
SELECT * FROM cypher('cypher_index', $$ MATCH(n) DETACH DELETE n $$) AS (a agtype);
 a 
---
(0 rows)

--we should be able to create a new vertex with the same value
SELECT * FROM cypher('cypher_index', $$ CREATE (:idx {i: 1}) $$) AS (a agtype);
 a 
---
(0 rows)

--data cleanup
SELECT * FROM cypher('cypher_index', $$ MATCH(n) DETACH DELETE n $$) AS (a agtype);
 a 
---
(0 rows)

/*
 * Test 5
 *
 * Same queries as Test 4, only in 1 transaction
 */
BEGIN TRANSACTION;
--create a vertex with i = 1
SELECT * FROM cypher('cypher_index', $$ CREATE (:idx {i: 1}) $$) AS (a agtype);
 a 
---
(0 rows)

--delete the vertex
SELECT * FROM cypher('cypher_index', $$ MATCH(n) DETACH DELETE n $$) AS (a agtype);
 a 
---
(0 rows)

--we should be able to create a new vertex with the same value
SELECT * FROM cypher('cypher_index', $$ CREATE (:idx {i: 1}) $$) AS (a agtype);
 a 
---
(0 rows)

COMMIT;
--data cleanup
SELECT * FROM cypher('cypher_index', $$ MATCH(n) DETACH DELETE n $$) AS (a agtype);
 a 
---
(0 rows)

--Test 6
--create a vertex with i = 1
SELECT * FROM cypher('cypher_index', $$ CREATE (:idx {i: 1}) $$) AS (a agtype);
 a 
---
(0 rows)

-- change the value
SELECT * FROM cypher('cypher_index', $$ MATCH(n) SET n.i = 2 $$) AS (a agtype);
 a 
---
(0 rows)

--we should be able to create a new vertex with the same value
SELECT * FROM cypher('cypher_index', $$ CREATE (:idx {i: 1}) $$) AS (a agtype);
 a 
---
(0 rows)

--validate the data
SELECT * FROM cypher('cypher_index', $$ MATCH(n) RETURN n $$) AS (a agtype);
                                    a                                    
-------------------------------------------------------------------------
 {"id": 844424930131979, "label": "idx", "properties": {"i": 2}}::vertex
 {"id": 844424930131980, "label": "idx", "properties": {"i": 1}}::vertex
(2 rows)

--data cleanup
SELECT * FROM cypher('cypher_index', $$ MATCH(n) DETACH DELETE n $$) AS (a agtype);
 a 
---
(0 rows)

/*
 * Test 7
 *
 * Same queries as Test 6, only in 1 transaction
 */
BEGIN TRANSACTION;
--create a vertex with i = 1
SELECT * FROM cypher('cypher_index', $$ CREATE (:idx {i: 1}) $$) AS (a agtype);
 a 
---
(0 rows)

-- change the value
SELECT * FROM cypher('cypher_index', $$ MATCH(n) SET n.i = 2 $$) AS (a agtype);
 a 
---
(0 rows)

--we should be able to create a new vertex with the same value
SELECT * FROM cypher('cypher_index', $$ CREATE (:idx {i: 1}) $$) AS (a agtype);
 a 
---
(0 rows)

--validate the data
SELECT * FROM cypher('cypher_index', $$ MATCH(n) RETURN n $$) AS (a agtype);
                                    a                                    
-------------------------------------------------------------------------
 {"id": 844424930131981, "label": "idx", "properties": {"i": 2}}::vertex
 {"id": 844424930131982, "label": "idx", "properties": {"i": 1}}::vertex
(2 rows)

COMMIT;
--validate the data again out of the transaction, just in case
SELECT * FROM cypher('cypher_index', $$ MATCH(n) RETURN n $$) AS (a agtype);
                                    a                                    
-------------------------------------------------------------------------
 {"id": 844424930131981, "label": "idx", "properties": {"i": 2}}::vertex
 {"id": 844424930131982, "label": "idx", "properties": {"i": 1}}::vertex
(2 rows)

--data cleanup
SELECT * FROM cypher('cypher_index', $$ MATCH(n) DETACH DELETE n $$) AS (a agtype);
 a 
---
(0 rows)

--Test 8
--create a vertex with i = 1
SELECT * FROM cypher('cypher_index', $$ CREATE (:idx {i: 1}) $$) AS (a agtype);
 a 
---
(0 rows)

-- Use Merge and force an index error
SELECT * FROM cypher('cypher_index', $$ MATCH(n) MERGE (n)-[:e]->(:idx {i: n.i}) $$) AS (a agtype);
ERROR:  duplicate key value violates unique constraint "cypher_index_idx_props_uq"
DETAIL:  Key (properties)=({"i": 1}) already exists.
--data cleanup
SELECT * FROM cypher('cypher_index', $$ MATCH(n) DETACH DELETE n $$) AS (a agtype);
 a 
---
(0 rows)

/*
 * Section 2: Graphid Indices to Improve Join Performance
 */
SELECT * FROM cypher('cypher_index', $$
    CREATE (us:Country {name: "United States"}),
        (ca:Country {name: "Canada"}),
        (mx:Country {name: "Mexico"}),
        (us)<-[:has_city]-(:City {name:"New York", country_code:"US"}),
        (us)<-[:has_city]-(:City {name:"San Fransisco", country_code:"US"}),
        (us)<-[:has_city]-(:City {name:"Los Angeles", country_code:"US"}),
        (us)<-[:has_city]-(:City {name:"Seattle", country_code:"US"}),
        (ca)<-[:has_city]-(:City {name:"Vancouver", country_code:"CA"}),
        (ca)<-[:has_city]-(:City {name:"Toroto", country_code:"CA"}),
        (ca)<-[:has_city]-(:City {name:"Montreal", country_code:"CA"}),
        (mx)<-[:has_city]-(:City {name:"Mexico City", country_code:"MX"}),
        (mx)<-[:has_city]-(:City {name:"Monterrey", country_code:"MX"}),
        (mx)<-[:has_city]-(:City {name:"Tijuana", country_code:"MX"})
$$) as (n agtype);
 n 
---
(0 rows)

ALTER TABLE cypher_index."Country" ADD PRIMARY KEY (id);
CREATE UNIQUE INDEX CONCURRENTLY cntry_id_idx ON cypher_index."Country" (id);
ALTER TABLE cypher_index."Country"  CLUSTER ON cntry_id_idx;
ALTER TABLE cypher_index."City" ADD PRIMARY KEY (id);
CREATE UNIQUE INDEX city_id_idx ON cypher_index."City" (id);
ALTER TABLE cypher_index."City" CLUSTER ON city_id_idx;
ALTER TABLE cypher_index.has_city
ADD CONSTRAINT has_city_end_fk FOREIGN KEY (end_id)
REFERENCES cypher_index."Country"(id) MATCH FULL;
CREATE INDEX load_has_city_eid_idx ON cypher_index.has_city (end_id);
CREATE INDEX load_has_city_sid_idx ON cypher_index.has_city (start_id);
ALTER TABLE cypher_index."has_city" CLUSTER ON load_has_city_eid_idx;
SET enable_mergejoin = ON;
SET enable_hashjoin = OFF;
SET enable_nestloop = OFF;
SELECT COUNT(*) FROM cypher('cypher_index', $$
    MATCH (a:Country)<-[e:has_city]-()
    RETURN e
$$) as (n agtype);
 count 
-------
    10
(1 row)

SET enable_mergejoin = OFF;
SET enable_hashjoin = ON;
SET enable_nestloop = OFF;
SELECT COUNT(*) FROM cypher('cypher_index', $$
    MATCH (a:Country)<-[e:has_city]-()
    RETURN e
$$) as (n agtype);
 count 
-------
    10
(1 row)

SET enable_mergejoin = OFF;
SET enable_hashjoin = OFF;
SET enable_nestloop = ON;
SELECT COUNT(*) FROM cypher('cypher_index', $$
    MATCH (a:Country)<-[e:has_city]-()
    RETURN e
$$) as (n agtype);
 count 
-------
    10
(1 row)

SET enable_mergejoin = ON;
SET enable_hashjoin = ON;
SET enable_nestloop = ON;
--
-- Section 3: Agtype GIN Indices to Improve WHERE clause Performance
--
CREATE INDEX load_city_gid_idx
ON cypher_index."City" USING gin (properties);
SELECT COUNT(*) FROM cypher('cypher_index', $$
    MATCH (c:City {country_code: "AD"})
    RETURN c
$$) as (n agtype);
 count 
-------
     0
(1 row)

DROP INDEX load_city_gid_idx;
ERROR:  index "load_city_gid_idx" does not exist
--
-- Section 4: Index use with WHERE clause
--
SELECT COUNT(*) FROM cypher('cypher_index', $$
    MATCH (a:City)
    WHERE a.country_code = 'RS'
    RETURN a
$$) as (n agtype);
 count 
-------
     0
(1 row)

CREATE INDEX CONCURRENTLY cntry_ode_idx ON cypher_index."City"
(ag_catalog.agtype_access_operator(properties, '"country_code"'::agtype));
SELECT COUNT(*) FROM cypher('agload_test_graph', $$
    MATCH (a:City)
    WHERE a.country_code = 'RS'
    RETURN a
$$) as (n agtype);
ERROR:  graph "agload_test_graph" does not exist
LINE 1: SELECT COUNT(*) FROM cypher('agload_test_graph', $$
                                    ^
--
-- General Cleanup
--
SELECT drop_graph('cypher_index', true);
NOTICE:  drop cascades to 6 other objects
DETAIL:  drop cascades to table cypher_index._ag_label_vertex
drop cascades to table cypher_index._ag_label_edge
drop cascades to table cypher_index.idx
drop cascades to table cypher_index."Country"
drop cascades to table cypher_index.has_city
drop cascades to table cypher_index."City"
NOTICE:  graph "cypher_index" has been dropped
 drop_graph 
------------
 
(1 row)

SELECT drop_graph('agload_test_graph', true);
ERROR:  graph "agload_test_graph" does not exist
